RAM Allocation
Variable                                                          Address   Size
--------------------------------------------------------------------------------
__ds18b20_scratch_pad                                             0x0160       9
lcd_buf                                                           0x0169      14
LcdCache                                                          0x0177     504
_engineTemperature                                                0x036F       2
outTempDevice                                                     0x0371       1
internalTempDevice                                                0x0372       1
engineTempDevice                                                  0x0373       1
ds18b20_devices                                                   0x0374       1
ds18b20_rom_codes                                                 0x0375      27
_arrTemplate                                                      0x0390       8
_template                                                         0x0398       2
_volt                                                             0x039A       4
_btnCounter                                                       0x039E       2
_tempCounter                                                      0x03A0       2
_arrsize                                                          0x03A2       2
_speed                                                            0x03A4       2
_speedTimerOverflow                                               0x03A6       2
_pulsesOldValue                                                   0x03A8       2
i                                                                 0x03AA       2
pulsesCounter                                                     0x03AC       2

EEPROM Allocation
Variable                                                          Address   Size
--------------------------------------------------------------------------------

Register Allocation
Variable                                                          Register  Size
--------------------------------------------------------------------------------
power_down                                                        R2.0      1bit
addressing                                                        R2.1      1bit
temp_control                                                      R5           1
bias                                                              R4           1
Vop                                                               R7           1
disp_config                                                       R6           1
LcdCacheIdx                                                       R8,R9        2
_outTemperature                                                   R10,R11      2
_internalTemperature                                              R12,R13      2
